// Vitest Snapshot v1

exports[`your test  > snapshot 1`] = `
{
  "foo": "bar",
}
`;
